Microchip MPLAB XC8 Compiler V2.00 ()

Linker command line:

-W-3 --edf=C:\Program Files (x86)\Microchip\xc8\v2.00\pic\dat\en_msgs.txt \
  -cs -h+dist/default/production\IR_Cam.X.production.sym \
  --cmf=dist/default/production\IR_Cam.X.production.cmf -z -Q18F24J50 \
  -oC:\Users\tommy\AppData\Local\Temp\s8d0.2 --defsym=__MPLAB_BUILD=1 \
  -Mdist/default/production/IR_Cam.X.production.map -E1 -ver=XC8 \
  -ASTACK=0300h-0ebfh -pstack=STACK -ACODE=00h-03FF7h -ACONST=00h-03FF7h \
  -ASMALLCONST=0F00h-0FFFhx48,03F00h-03FF7h -AMEDIUMCONST=0F00h-03FF7h \
  -ACOMRAM=01h-05Fh -AABS1=00h-0EBFh -ABIGRAM=01h-0EBFh \
  -ARAM=060h-0FFh,0100h-01FFhx13,0E00h-0EBFh -ABANK0=060h-0FFh \
  -ABANK1=0100h-01FFh -ABANK2=0200h-02FFh -ABANK3=0300h-03FFh \
  -ABANK4=0400h-04FFh -ABANK5=0500h-05FFh -ABANK6=0600h-06FFh \
  -ABANK7=0700h-07FFh -ABANK8=0800h-08FFh -ABANK9=0900h-09FFh \
  -ABANK10=0A00h-0AFFh -ABANK11=0B00h-0BFFh -ABANK12=0C00h-0CFFh \
  -ABANK13=0D00h-0DFFh -ABANK14=0E00h-0EBFh \
  -ASFR=0EC0h-0EFFh,0F00h-0F5Fh,0F60h-0FFFh \
  -preset_vec=00h,intcode,intcodelo,powerup,init -pramtop=0F00h \
  -psmallconst=SMALLCONST -pmediumconst=MEDIUMCONST -pconst=CONST \
  -AFARRAM=00h-00h -ACONFIG=03FF8h-03FFFh -pconfig=CONFIG \
  -pjflash_buffer=03800h \
  -prdata=COMRAM,nvrram=COMRAM,nvbit=COMRAM,rbss=COMRAM,rbit=COMRAM \
  -pfarbss=FARRAM,fardata=FARRAM,nvFARRAM=FARRAM \
  -pintsave_regs=BIGRAM,bigbss=BIGRAM,bigdata=BIGRAM -pbss=RAM \
  -pidata=CODE,irdata=CODE,ibigdata=CODE,ifardata=CODE -prparam=COMRAM \
  C:\Users\tommy\AppData\Local\Temp\s8d0.o \
  dist/default/production\IR_Cam.X.production.o 

Object code version is 3.11

Machine type is 18F24J50

Call graph: (short form)




                Name                               Link     Load   Length Selector   Space Scale
C:\Users\tommy\AppData\Local\Temp\s8d0.o
                init                                  0        0        4        0       0
                config                             3FF8     3FF8        8     3FF8       0
dist/default/production\IR_Cam.X.production.o
                mediumconst                        3E02     3E02      1F6     1F01       0
                text34                             20E2     20E2       2E     1071       0
                text33                             203C     203C       28     101E       0
                text32                             20B6     20B6       2C     105B       0
                text31                             268A     268A       EC     1345       0
                text30                             33FC     33FC      3A6     19FE       0
                text29                             226C     226C       5A     1136       0
                text28                             25DA     25DA       B0     12ED       0
                text27                             2A6E     2A6E      138     1537       0
                text26                             2950     2950      11E     14A8       0
                text25                             2064     2064       28     1032       0
                text24                             2D26     2D26      1B6     1693       0
                text23                             2532     2532       A8     1299       0
                text22                             1FB2     1FB2       12      FD9       0
                text21                             1F94     1F94        E      FCA       0
                text20                             2186     2186       46     10C3       0
                text19                             1FF4     1FF4       22      FFA       0
                text18                             21CC     21CC       50     10E6       0
                text17                             208C     208C       2A     1046       0
                text16                             2776     2776       EC     13BB       0
                text15                             2EDC     2EDC      1C8     176E       0
                text14                             24A8     24A8       8A     1254       0
                text13                             221C     221C       50     110E       0
                text12                             30A4     30A4      358     1852       0
                text11                             37A2     37A2      660     1BD1       0
                text10                             1FD6     1FD6       1E      FEB       0
                text9                              23A6     23A6       7A     11D3       0
                text8                              2BA6     2BA6      180     15D3       0
                text7                              1FA2     1FA2       10      FD1       0
                text6                              1FC4     1FC4       12      FE2       0
                text5                              2016     2016       26     100B       0
                text4                              2334     2334       72     119A       0
                text3                              22C6     22C6       6E     1163       0
                text2                              2420     2420       88     1210       0
                text1                              2110     2110       38     1088       0
                text0                              2862     2862       EE     1431       0
                cstackCOMRAM                          1        1       5E        1       1
                cstackBANK0                          60       60       1A       60       1
                bssBANK2                            200      200      100      200       1
                bssBANK1                            100      100      100      100       1
                bssBANK0                             7A       7A        C       60       1
                cinit                              2148     2148       3E     10A4       0

TOTAL           Name                               Link     Load   Length     Space
        CLASS   STACK          

        CLASS   CODE           
                init                                  0        0        4         0
                text34                             20E2     20E2       2E         0
                text33                             203C     203C       28         0
                text32                             20B6     20B6       2C         0
                text31                             268A     268A       EC         0
                text30                             33FC     33FC      3A6         0
                text29                             226C     226C       5A         0
                text28                             25DA     25DA       B0         0
                text27                             2A6E     2A6E      138         0
                text26                             2950     2950      11E         0
                text25                             2064     2064       28         0
                text24                             2D26     2D26      1B6         0
                text23                             2532     2532       A8         0
                text22                             1FB2     1FB2       12         0
                text21                             1F94     1F94        E         0
                text20                             2186     2186       46         0
                text19                             1FF4     1FF4       22         0
                text18                             21CC     21CC       50         0
                text17                             208C     208C       2A         0
                text16                             2776     2776       EC         0
                text15                             2EDC     2EDC      1C8         0
                text14                             24A8     24A8       8A         0
                text13                             221C     221C       50         0
                text12                             30A4     30A4      358         0
                text11                             37A2     37A2      660         0
                text10                             1FD6     1FD6       1E         0
                text9                              23A6     23A6       7A         0
                text8                              2BA6     2BA6      180         0
                text7                              1FA2     1FA2       10         0
                text6                              1FC4     1FC4       12         0
                text5                              2016     2016       26         0
                text4                              2334     2334       72         0
                text3                              22C6     22C6       6E         0
                text2                              2420     2420       88         0
                text1                              2110     2110       38         0
                text0                              2862     2862       EE         0
                cinit                              2148     2148       3E         0

        CLASS   CONST          

        CLASS   SMALLCONST     

        CLASS   MEDIUMCONST    
                mediumconst                        3E02     3E02      1F6         0

        CLASS   COMRAM         
                cstackCOMRAM                          1        1       5E         1

        CLASS   ABS1           

        CLASS   BIGRAM         

        CLASS   RAM            

        CLASS   BANK0          
                cstackBANK0                          60       60       1A         1
                bssBANK0                             7A       7A        C         1

        CLASS   BANK1          
                bssBANK1                            100      100      100         1

        CLASS   BANK2          
                bssBANK2                            200      200      100         1

        CLASS   BANK3          

        CLASS   BANK4          

        CLASS   BANK5          

        CLASS   BANK6          

        CLASS   BANK7          

        CLASS   BANK8          

        CLASS   BANK9          

        CLASS   BANK10         

        CLASS   BANK11         

        CLASS   BANK12         

        CLASS   BANK13         

        CLASS   BANK14         

        CLASS   SFR            

        CLASS   FARRAM         

        CLASS   CONFIG         
                config                             3FF8     3FF8        8         0

        CLASS   IDLOC          



SEGMENTS        Name                           Load    Length   Top    Selector   Space  Class

                reset_vec                      000000  000004  000004         0       0  CODE    
                cstackCOMRAM                   000001  00005E  00005F         1       1  COMRAM  
                cstackBANK0                    000060  000026  000086        60       1  BANK0   
                bssBANK1                       000100  000100  000200       100       1  BANK1   
                bssBANK2                       000200  000100  000300       200       1  BANK2   
                text21                         001F94  00000E  001FA2       FCA       0  CODE    
                text7                          001FA2  000010  001FB2       FD1       0  CODE    
                text22                         001FB2  000012  001FC4       FD9       0  CODE    
                text6                          001FC4  000012  001FD6       FE2       0  CODE    
                text10                         001FD6  00001E  001FF4       FEB       0  CODE    
                text19                         001FF4  000022  002016       FFA       0  CODE    
                text5                          002016  000026  00203C      100B       0  CODE    
                text33                         00203C  000028  002064      101E       0  CODE    
                text25                         002064  000028  00208C      1032       0  CODE    
                text17                         00208C  00002A  0020B6      1046       0  CODE    
                text32                         0020B6  00002C  0020E2      105B       0  CODE    
                text34                         0020E2  00002E  002110      1071       0  CODE    
                text1                          002110  000038  002148      1088       0  CODE    
                cinit                          002148  00003E  002186      10A4       0  CODE    
                text20                         002186  000046  0021CC      10C3       0  CODE    
                text18                         0021CC  000050  00221C      10E6       0  CODE    
                text13                         00221C  000050  00226C      110E       0  CODE    
                text29                         00226C  00005A  0022C6      1136       0  CODE    
                text3                          0022C6  00006E  002334      1163       0  CODE    
                text4                          002334  000072  0023A6      119A       0  CODE    
                text9                          0023A6  00007A  002420      11D3       0  CODE    
                text2                          002420  000088  0024A8      1210       0  CODE    
                text14                         0024A8  00008A  002532      1254       0  CODE    
                text23                         002532  0000A8  0025DA      1299       0  CODE    
                text28                         0025DA  0000B0  00268A      12ED       0  CODE    
                text31                         00268A  0000EC  002776      1345       0  CODE    
                text16                         002776  0000EC  002862      13BB       0  CODE    
                text0                          002862  0000EE  002950      1431       0  CODE    
                text26                         002950  00011E  002A6E      14A8       0  CODE    
                text27                         002A6E  000138  002BA6      1537       0  CODE    
                text8                          002BA6  000180  002D26      15D3       0  CODE    
                text24                         002D26  0001B6  002EDC      1693       0  CODE    
                text15                         002EDC  0001C8  0030A4      176E       0  CODE    
                text12                         0030A4  000358  0033FC      1852       0  CODE    
                text30                         0033FC  0003A6  0037A2      19FE       0  CODE    
                text11                         0037A2  000660  003E02      1BD1       0  CODE    
                mediumconst                    003E02  0001F6  003FF8      1F01       0  MEDIUMCO
                config                         003FF8  000008  004000      3FF8       0  CONFIG  


UNUSED ADDRESS RANGES

        Name                Unused          Largest block    Delta
        BANK0            0086-00FF             7A
        BANK10           0A00-0AFF            100
        BANK11           0B00-0BFF            100
        BANK12           0C00-0CFF            100
        BANK13           0D00-0DFF            100
        BANK14           0E00-0EBF             C0
        BANK3            0300-03FF            100
        BANK4            0400-04FF            100
        BANK5            0500-05FF            100
        BANK6            0600-06FF            100
        BANK7            0700-07FF            100
        BANK8            0800-08FF            100
        BANK9            0900-09FF            100
        BIGRAM           005F-005F              1
                         0086-00FF             7A
                         0300-0EBF            BC0
        CODE             0004-1F93           1F90
        COMRAM           005F-005F              1
        CONST            0004-1F93           1F90
        MEDIUMCONST      0F00-1F93           1094
        RAM              0086-00FF             7A
                         0300-0EBF            100
        SFR              0EC0-0FFF             60
        SMALLCONST       0F00-1F93            100
        STACK            0300-0EBF            BC0

                                  Symbol Table

?___awdiv                                          cstackCOMRAM  0001
?___ftdiv                                          cstackCOMRAM  000C
?___ftpack                                         cstackCOMRAM  0001
?___lmul                                           cstackCOMRAM  0001
?___lwtoft                                         cstackCOMRAM  0009
?___wmul                                           cstackCOMRAM  0001
?_dataToColour                                     cstackCOMRAM  000C
?_get_colour                                       cstackCOMRAM  0001
_ADCON0                                            (abs)         0FC2
_ADCON1                                            (abs)         0FC1
_ADRESH                                            (abs)         0FC4
_ADRESL                                            (abs)         0FC3
_AMGInit                                           text32        20B6
_BG_COLOUR                                         mediumconst   3FF2
_EECON2                                            (abs)         0FA7
_Font                                              mediumconst   3E03
_Font2                                             mediumconst   3F02
_IOLOCK                                            (abs)         77F8
_OSCCON                                            (abs)         0FD3
_OSCTUNE                                           (abs)         0F9B
_RC0                                               (abs)         7C10
_RC1                                               (abs)         7C11
_RC2                                               (abs)         7C12
_RC4                                               (abs)         7C14
_RC6                                               (abs)         7C16
_RCEN                                              (abs)         7E2B
_RPOR0                                             (abs)         0EC6
_RPOR1                                             (abs)         0EC7
_SSP1ADD                                           (abs)         0FC8
_SSP1BUF                                           (abs)         0FC9
_SSP1CON1                                          (abs)         0FC6
_SSP1CON2                                          (abs)         0FC5
_SSP1STAT                                          (abs)         0FC7
_SSP2BUF                                           (abs)         0F75
_SSP2CON1                                          (abs)         0F72
_SSP2STAT                                          (abs)         0F73
_TRISA0                                            (abs)         7C90
_TRISA1                                            (abs)         7C91
_TRISB4                                            (abs)         7C9C
_TRISB5                                            (abs)         7C9D
_TRISC0                                            (abs)         7CA0
_TRISC1                                            (abs)         7CA1
_TRISC2                                            (abs)         7CA2
__CFG_CPUDIV$OSC1                                  (abs)         0000
__CFG_OSC$INTOSCPLL                                (abs)         0000
__CFG_PLLDIV$4                                     (abs)         0000
__CFG_STVREN$ON                                    (abs)         0000
__CFG_WDTEN$OFF                                    (abs)         0000
__CFG_XINST$OFF                                    (abs)         0000
__HRAM                                             (abs)         0000
__Habs1                                            abs1          0000
__Hbank0                                           bank0         0000
__Hbank1                                           bank1         0000
__Hbank10                                          bank10        0000
__Hbank11                                          bank11        0000
__Hbank12                                          bank12        0000
__Hbank13                                          bank13        0000
__Hbank14                                          bank14        0000
__Hbank2                                           bank2         0000
__Hbank3                                           bank3         0000
__Hbank4                                           bank4         0000
__Hbank5                                           bank5         0000
__Hbank6                                           bank6         0000
__Hbank7                                           bank7         0000
__Hbank8                                           bank8         0000
__Hbank9                                           bank9         0000
__Hbigbss                                          bigbss        0000
__Hbigdata                                         bigdata       0000
__Hbigram                                          bigram        0000
__Hbss                                             bss           0000
__HbssBANK0                                        bssBANK0      0000
__HbssBANK1                                        bssBANK1      0000
__HbssBANK2                                        bssBANK2      0000
__Hcinit                                           cinit         0000
__Hclrtext                                         clrtext       0000
__Hcomram                                          comram        0000
__Hconfig                                          config        4000
__Hconst                                           const         0000
__HcstackBANK0                                     cstackBANK0   0000
__HcstackCOMRAM                                    cstackCOMRAM  0000
__Hdata                                            data          0000
__Hfarbss                                          farbss        0000
__Hfardata                                         fardata       0000
__Hibigdata                                        ibigdata      0000
__Hidata                                           idata         0000
__Hidloc                                           idloc         0000
__Hifardata                                        ifardata      0000
__Hinit                                            init          0004
__Hintcode                                         intcode       0000
__Hintcode_body                                    intcode_body  0000
__Hintcodelo                                       intcodelo     0000
__Hintentry                                        intentry      0000
__Hintret                                          intret        0000
__Hintsave_regs                                    intsave_regs  0000
__Hirdata                                          irdata        0000
__Hjflash_buffer                                   jflash_buffer 3800
__Hmediumconst                                     mediumconst   3FF8
__HnvFARRAM                                        nvFARRAM      0000
__Hnvbit                                           nvbit         0000
__Hnvrram                                          nvrram        0000
__Hparam                                           rparam        0000
__Hpowerup                                         powerup       0000
__Hram                                             ram           0000
__Hramtop                                          ramtop        0F00
__Hrbit                                            rbit          0000
__Hrbss                                            rbss          0000
__Hrdata                                           rdata         0000
__Hreset_vec                                       reset_vec     0000
__Hrparam                                          rparam        0000
__Hsfr                                             sfr           0000
__Hsmallconst                                      smallconst    0000
__Hspace_0                                         (abs)         4000
__Hspace_1                                         (abs)         0300
__Hspace_2                                         (abs)         0000
__Hstack                                           stack         0000
__Hstruct                                          struct        0000
__Htemp                                            temp          0000
__Htext                                            text          0000
__Htext0                                           text0         0000
__Htext1                                           text1         0000
__Htext10                                          text10        0000
__Htext11                                          text11        0000
__Htext12                                          text12        0000
__Htext13                                          text13        0000
__Htext14                                          text14        0000
__Htext15                                          text15        0000
__Htext16                                          text16        0000
__Htext17                                          text17        0000
__Htext18                                          text18        0000
__Htext19                                          text19        0000
__Htext2                                           text2         0000
__Htext20                                          text20        0000
__Htext21                                          text21        0000
__Htext22                                          text22        0000
__Htext23                                          text23        0000
__Htext24                                          text24        0000
__Htext25                                          text25        0000
__Htext26                                          text26        0000
__Htext27                                          text27        0000
__Htext28                                          text28        0000
__Htext29                                          text29        0000
__Htext3                                           text3         0000
__Htext30                                          text30        0000
__Htext31                                          text31        0000
__Htext32                                          text32        0000
__Htext33                                          text33        0000
__Htext34                                          text34        0000
__Htext4                                           text4         0000
__Htext5                                           text5         0000
__Htext6                                           text6         0000
__Htext7                                           text7         0000
__Htext8                                           text8         0000
__Htext9                                           text9         0000
__LRAM                                             (abs)         0001
__Labs1                                            abs1          0000
__Lbank0                                           bank0         0000
__Lbank1                                           bank1         0000
__Lbank10                                          bank10        0000
__Lbank11                                          bank11        0000
__Lbank12                                          bank12        0000
__Lbank13                                          bank13        0000
__Lbank14                                          bank14        0000
__Lbank2                                           bank2         0000
__Lbank3                                           bank3         0000
__Lbank4                                           bank4         0000
__Lbank5                                           bank5         0000
__Lbank6                                           bank6         0000
__Lbank7                                           bank7         0000
__Lbank8                                           bank8         0000
__Lbank9                                           bank9         0000
__Lbigbss                                          bigbss        0000
__Lbigdata                                         bigdata       0000
__Lbigram                                          bigram        0000
__Lbss                                             bss           0000
__LbssBANK0                                        bssBANK0      0000
__LbssBANK1                                        bssBANK1      0000
__LbssBANK2                                        bssBANK2      0000
__Lcinit                                           cinit         0000
__Lclrtext                                         clrtext       0000
__Lcomram                                          comram        0000
__Lconfig                                          config        3FF8
__Lconst                                           const         0000
__LcstackBANK0                                     cstackBANK0   0000
__LcstackCOMRAM                                    cstackCOMRAM  0000
__Ldata                                            data          0000
__Lfarbss                                          farbss        0000
__Lfardata                                         fardata       0000
__Libigdata                                        ibigdata      0000
__Lidata                                           idata         0000
__Lidloc                                           idloc         0000
__Lifardata                                        ifardata      0000
__Linit                                            init          0000
__Lintcode                                         intcode       0000
__Lintcode_body                                    intcode_body  0000
__Lintcodelo                                       intcodelo     0000
__Lintentry                                        intentry      0000
__Lintret                                          intret        0000
__Lintsave_regs                                    intsave_regs  0000
__Lirdata                                          irdata        0000
__Ljflash_buffer                                   jflash_buffer 3800
__Lmediumconst                                     mediumconst   3E02
__LnvFARRAM                                        nvFARRAM      0000
__Lnvbit                                           nvbit         0000
__Lnvrram                                          nvrram        0000
__Lparam                                           rparam        0000
__Lpowerup                                         powerup       0000
__Lram                                             ram           0000
__Lramtop                                          ramtop        0F00
__Lrbit                                            rbit          0000
__Lrbss                                            rbss          0000
__Lrdata                                           rdata         0000
__Lreset_vec                                       reset_vec     0000
__Lrparam                                          rparam        0000
__Lsfr                                             sfr           0000
__Lsmallconst                                      smallconst    0000
__Lspace_0                                         (abs)         0000
__Lspace_1                                         (abs)         0000
__Lspace_2                                         (abs)         0000
__Lstack                                           stack         0000
__Lstruct                                          struct        0000
__Ltemp                                            temp          0000
__Ltext                                            text          0000
__Ltext0                                           text0         0000
__Ltext1                                           text1         0000
__Ltext10                                          text10        0000
__Ltext11                                          text11        0000
__Ltext12                                          text12        0000
__Ltext13                                          text13        0000
__Ltext14                                          text14        0000
__Ltext15                                          text15        0000
__Ltext16                                          text16        0000
__Ltext17                                          text17        0000
__Ltext18                                          text18        0000
__Ltext19                                          text19        0000
__Ltext2                                           text2         0000
__Ltext20                                          text20        0000
__Ltext21                                          text21        0000
__Ltext22                                          text22        0000
__Ltext23                                          text23        0000
__Ltext24                                          text24        0000
__Ltext25                                          text25        0000
__Ltext26                                          text26        0000
__Ltext27                                          text27        0000
__Ltext28                                          text28        0000
__Ltext29                                          text29        0000
__Ltext3                                           text3         0000
__Ltext30                                          text30        0000
__Ltext31                                          text31        0000
__Ltext32                                          text32        0000
__Ltext33                                          text33        0000
__Ltext34                                          text34        0000
__Ltext4                                           text4         0000
__Ltext5                                           text5         0000
__Ltext6                                           text6         0000
__Ltext7                                           text7         0000
__Ltext8                                           text8         0000
__Ltext9                                           text9         0000
__S0                                               (abs)         4000
__S1                                               (abs)         0300
__S2                                               (abs)         0000
___awdiv                                           text31        268A
___awdiv@counter                                   cstackCOMRAM  0005
___awdiv@dividend                                  cstackCOMRAM  0001
___awdiv@divisor                                   cstackCOMRAM  0003
___awdiv@quotient                                  cstackCOMRAM  0007
___awdiv@sign                                      cstackCOMRAM  0006
___ftdiv                                           text26        2950
___ftdiv@cntr                                      cstackCOMRAM  0015
___ftdiv@exp                                       cstackCOMRAM  0019
___ftdiv@f1                                        cstackCOMRAM  000C
___ftdiv@f2                                        cstackCOMRAM  000F
___ftdiv@f3                                        cstackCOMRAM  0016
___ftdiv@sign                                      cstackCOMRAM  001A
___ftpack                                          text27        2A6E
___ftpack@arg                                      cstackCOMRAM  0001
___ftpack@exp                                      cstackCOMRAM  0004
___ftpack@sign                                     cstackCOMRAM  0005
___inthi_sp                                        stack         0000
___intlo_sp                                        stack         0000
___lmul                                            text4         2334
___lmul@multiplicand                               cstackCOMRAM  0005
___lmul@multiplier                                 cstackCOMRAM  0001
___lmul@product                                    cstackCOMRAM  0009
___lwtoft                                          text25        2064
___lwtoft@c                                        cstackCOMRAM  0009
___param_bank                                      (abs)         0000
___rparam_used                                     (abs)         0001
___sp                                              stack         0000
___wmul                                            text17        208C
___wmul@multiplicand                               cstackCOMRAM  0003
___wmul@multiplier                                 cstackCOMRAM  0001
___wmul@product                                    cstackCOMRAM  0005
__accesstop                                        (abs)         0060
__activetblptr                                     (abs)         0002
__end_of_AMGInit                                   text32        20E2
__end_of_BG_COLOUR                                 mediumconst   3FF4
__end_of_Font                                      mediumconst   3F02
__end_of_Font2                                     mediumconst   3FDE
__end_of___awdiv                                   text31        2776
__end_of___ftdiv                                   text26        2A6E
__end_of___ftpack                                  text27        2BA6
__end_of___lmul                                    text4         23A6
__end_of___lwtoft                                  text25        208C
__end_of___wmul                                    text17        20B6
__end_of__initialization                           cinit         217C
__end_of_addr                                      mediumconst   3FF6
__end_of_box_size                                  mediumconst   3FF0
__end_of_calculateInterpolatedPixels               text30        37A2
__end_of_colour_list                               mediumconst   3FEC
__end_of_convertDataToString                       text24        2EDC
__end_of_cursor_colour                             mediumconst   3FEE
__end_of_dataToColour                              text28        268A
__end_of_delay_ms                                  text3         2334
__end_of_drawBuffersToDisplay                      text11        3E02
__end_of_drawOverlay                               text12        33FC
__end_of_draw_char                                 text15        30A4
__end_of_draw_h_line                               text18        221C
__end_of_draw_pixel                                text19        2016
__end_of_draw_string                               text14        2532
__end_of_draw_v_line                               text13        226C
__end_of_fill_rectangle                            text16        2862
__end_of_getIRData                                 text8         2D26
__end_of_get_colour                                text29        22C6
__end_of_i2c_master_wait                           text34        2110
__end_of_i2c_receive_data                          text9         2420
__end_of_i2c_send_data                             text33        2064
__end_of_i2c_send_request                          text10        1FF4
__end_of_initADC                                   text7         1FB2
__end_of_initI2C                                   text6         1FD6
__end_of_initSPI                                   text5         203C
__end_of_lcd_init                                  text1         2148
__end_of_lcd_init_command_list                     text2         24A8
__end_of_lcd_write_command                         text22        1FC4
__end_of_lcd_write_data                            text21        1FA2
__end_of_main                                      text0         2950
__end_of_num_colours                               mediumconst   3FF2
__end_of_set_draw_window                           text20        21CC
__end_of_spi_write                                 text23        25DA
__end_of_start_pixel_reg                           mediumconst   3FF5
__initialization                                   cinit         2148
__mediumconst                                      mediumconst   3E02
__pbssBANK0                                        bssBANK0      007A
__pbssBANK1                                        bssBANK1      0100
__pbssBANK2                                        bssBANK2      0200
__pcinit                                           cinit         2148
__pcstackBANK0                                     cstackBANK0   0060
__pcstackCOMRAM                                    cstackCOMRAM  0001
__pmediumconst                                     mediumconst   3E02
__ptext0                                           text0         2862
__ptext1                                           text1         2110
__ptext10                                          text10        1FD6
__ptext11                                          text11        37A2
__ptext12                                          text12        30A4
__ptext13                                          text13        221C
__ptext14                                          text14        24A8
__ptext15                                          text15        2EDC
__ptext16                                          text16        2776
__ptext17                                          text17        208C
__ptext18                                          text18        21CC
__ptext19                                          text19        1FF4
__ptext2                                           text2         2420
__ptext20                                          text20        2186
__ptext21                                          text21        1F94
__ptext22                                          text22        1FB2
__ptext23                                          text23        2532
__ptext24                                          text24        2D26
__ptext25                                          text25        2064
__ptext26                                          text26        2950
__ptext27                                          text27        2A6E
__ptext28                                          text28        25DA
__ptext29                                          text29        226C
__ptext3                                           text3         22C6
__ptext30                                          text30        33FC
__ptext31                                          text31        268A
__ptext32                                          text32        20B6
__ptext33                                          text33        203C
__ptext34                                          text34        20E2
__ptext4                                           text4         2334
__ptext5                                           text5         2016
__ptext6                                           text6         1FC4
__ptext7                                           text7         1FA2
__ptext8                                           text8         2BA6
__ptext9                                           text9         23A6
__ramtop                                           ramtop        0F00
__size_of_AMGInit                                  (abs)         0000
__size_of___awdiv                                  (abs)         0000
__size_of___ftdiv                                  (abs)         0000
__size_of___ftpack                                 (abs)         0000
__size_of___lmul                                   (abs)         0000
__size_of___lwtoft                                 (abs)         0000
__size_of___wmul                                   (abs)         0000
__size_of_calculateInterpolatedPixels              (abs)         0000
__size_of_convertDataToString                      (abs)         0000
__size_of_dataToColour                             (abs)         0000
__size_of_delay_ms                                 (abs)         0000
__size_of_drawBuffersToDisplay                     (abs)         0000
__size_of_drawOverlay                              (abs)         0000
__size_of_draw_char                                (abs)         0000
__size_of_draw_h_line                              (abs)         0000
__size_of_draw_pixel                               (abs)         0000
__size_of_draw_string                              (abs)         0000
__size_of_draw_v_line                              (abs)         0000
__size_of_fill_rectangle                           (abs)         0000
__size_of_getIRData                                (abs)         0000
__size_of_get_colour                               (abs)         0000
__size_of_i2c_master_wait                          (abs)         0000
__size_of_i2c_receive_data                         (abs)         0000
__size_of_i2c_send_data                            (abs)         0000
__size_of_i2c_send_request                         (abs)         0000
__size_of_initADC                                  (abs)         0000
__size_of_initI2C                                  (abs)         0000
__size_of_initSPI                                  (abs)         0000
__size_of_lcd_init                                 (abs)         0000
__size_of_lcd_init_command_list                    (abs)         0000
__size_of_lcd_write_command                        (abs)         0000
__size_of_lcd_write_data                           (abs)         0000
__size_of_main                                     (abs)         0000
__size_of_set_draw_window                          (abs)         0000
__size_of_spi_write                                (abs)         0000
__smallconst                                       smallconst    0000
_addr                                              mediumconst   3FF5
_box_size                                          mediumconst   3FEE
_calculateInterpolatedPixels                       text30        33FC
_colour_list                                       mediumconst   3FDE
_convertDataToString                               text24        2D26
_cursor_colour                                     mediumconst   3FEC
_dataToColour                                      text28        25DA
_delay_ms                                          text3         22C6
_drawBuffersToDisplay                              text11        37A2
_drawOverlay                                       text12        30A4
_draw_char                                         text15        2EDC
_draw_h_line                                       text18        21CC
_draw_pixel                                        text19        1FF4
_draw_string                                       text14        24A8
_draw_v_line                                       text13        221C
_fill_rectangle                                    text16        2776
_getIRData                                         text8         2BA6
_get_colour                                        text29        226C
_i2c_master_wait                                   text34        20E2
_i2c_receive_data                                  text9         23A6
_i2c_send_data                                     text33        203C
_i2c_send_request                                  text10        1FD6
_initADC                                           text7         1FA2
_initI2C                                           text6         1FC4
_initSPI                                           text5         2016
_ir_buffer                                         bssBANK1      0180
_lcd_init                                          text1         2110
_lcd_init_command_list                             text2         2420
_lcd_write_command                                 text22        1FB2
_lcd_write_data                                    text21        1F94
_main                                              text0         2862
_max_pixel                                         bssBANK0      0080
_min_pixel                                         bssBANK0      007A
_num_colours                                       mediumconst   3FF0
_set_draw_window                                   text20        2186
_spi_write                                         text23        2532
_start_pixel_reg                                   mediumconst   3FF4
_x_interpolated_pixels                             bssBANK2      0280
_xy_interpolated_pixels                            bssBANK2      0200
_y_interpolated_pixels                             bssBANK1      0100
calculateInterpolatedPixels@main_buffer            cstackCOMRAM  0009
calculateInterpolatedPixels@x                      cstackCOMRAM  001D
calculateInterpolatedPixels@x_interpolated_buffer  cstackCOMRAM  000D
calculateInterpolatedPixels@xy_interpolated_buffer cstackCOMRAM  000F
calculateInterpolatedPixels@y                      cstackCOMRAM  001F
calculateInterpolatedPixels@y_interpolated_buffer  cstackCOMRAM  000B
convertDataToString@buff                           cstackCOMRAM  0009
convertDataToString@data                           cstackCOMRAM  000B
convertDataToString@tens                           cstackCOMRAM  0011
convertDataToString@units                          cstackCOMRAM  000F
dataToColour@blue                                  cstackCOMRAM  0012
dataToColour@colour_temp                           cstackCOMRAM  0015
dataToColour@data                                  cstackCOMRAM  000C
dataToColour@green                                 cstackCOMRAM  0014
dataToColour@red                                   cstackCOMRAM  0013
dataToColour@temperature_range                     cstackCOMRAM  000E
delay_ms@cycles                                    cstackCOMRAM  0011
delay_ms@millis                                    cstackCOMRAM  000D
drawBuffersToDisplay@d_pixel                       cstackBANK0   006C
drawBuffersToDisplay@data                          cstackBANK0   0070
drawBuffersToDisplay@diagonal_buffer               cstackBANK0   0066
drawBuffersToDisplay@h                             cstackBANK0   0072
drawBuffersToDisplay@h_pixel                       cstackBANK0   0068
drawBuffersToDisplay@horizontal_buffer             cstackBANK0   0062
drawBuffersToDisplay@main_buffer                   cstackBANK0   0060
drawBuffersToDisplay@temperature_range             cstackBANK0   006E
drawBuffersToDisplay@v                             cstackBANK0   0074
drawBuffersToDisplay@v_pixel                       cstackBANK0   006A
drawBuffersToDisplay@vertical_buffer               cstackBANK0   0064
drawBuffersToDisplay@x                             cstackBANK0   0076
drawBuffersToDisplay@y                             cstackBANK0   0078
drawOverlay@ADC_reading                            cstackCOMRAM  0055
drawOverlay@batt_voltage                           cstackCOMRAM  004C
drawOverlay@data                                   cstackCOMRAM  0047
drawOverlay@h_pos                                  cstackCOMRAM  0057
drawOverlay@temperature_buffer                     cstackCOMRAM  004F
drawOverlay@v_pos                                  cstackCOMRAM  0059
drawOverlay@x                                      cstackCOMRAM  0043
drawOverlay@y                                      cstackCOMRAM  0045
draw_char@c                                        cstackCOMRAM  002A
draw_char@colour                                   cstackCOMRAM  002B
draw_char@i                                        cstackCOMRAM  0035
draw_char@j                                        cstackCOMRAM  0034
draw_char@line                                     cstackCOMRAM  0032
draw_char@size                                     cstackCOMRAM  002D
draw_char@x                                        cstackCOMRAM  0033
draw_char@y                                        cstackCOMRAM  0029
draw_h_line@colour                                 cstackCOMRAM  0012
draw_h_line@x                                      cstackCOMRAM  0018
draw_h_line@x1                                     cstackCOMRAM  0017
draw_h_line@x2                                     cstackCOMRAM  0010
draw_h_line@y1                                     cstackCOMRAM  000F
draw_h_line@y2                                     cstackCOMRAM  0011
draw_pixel@colour                                  cstackCOMRAM  000C
draw_pixel@x                                       cstackCOMRAM  000E
draw_pixel@y                                       cstackCOMRAM  000B
draw_string@char_pos                               cstackCOMRAM  003E
draw_string@char_width                             cstackCOMRAM  003C
draw_string@colour                                 cstackCOMRAM  0037
draw_string@counter                                cstackCOMRAM  0041
draw_string@size                                   cstackCOMRAM  0039
draw_string@str                                    cstackCOMRAM  003A
draw_string@x                                      cstackCOMRAM  0040
draw_string@y                                      cstackCOMRAM  0036
draw_v_line@colour                                 cstackCOMRAM  0012
draw_v_line@x1                                     cstackCOMRAM  0017
draw_v_line@x2                                     cstackCOMRAM  0010
draw_v_line@y                                      cstackCOMRAM  0018
draw_v_line@y1                                     cstackCOMRAM  000F
draw_v_line@y2                                     cstackCOMRAM  0011
end_of_initialization                              cinit         217C
fill_rectangle@colour                              cstackCOMRAM  001F
fill_rectangle@colour_high                         cstackCOMRAM  0023
fill_rectangle@colour_low                          cstackCOMRAM  0024
fill_rectangle@x                                   cstackCOMRAM  0027
fill_rectangle@x1                                  cstackCOMRAM  0017
fill_rectangle@x2                                  cstackCOMRAM  001B
fill_rectangle@y                                   cstackCOMRAM  0025
fill_rectangle@y1                                  cstackCOMRAM  0019
fill_rectangle@y2                                  cstackCOMRAM  001D
getIRData@buffer                                   cstackCOMRAM  0009
getIRData@data                                     cstackCOMRAM  000F
getIRData@dataH                                    cstackCOMRAM  0012
getIRData@dataL                                    cstackCOMRAM  0011
getIRData@this_pixel                               cstackCOMRAM  0013
getIRData@x                                        cstackCOMRAM  0015
getIRData@y                                        cstackCOMRAM  0017
get_colour@blue                                    cstackCOMRAM  0002
get_colour@colour                                  cstackCOMRAM  0009
get_colour@green                                   cstackCOMRAM  0001
get_colour@red                                     cstackCOMRAM  000B
i2c_receive_data@address                           cstackCOMRAM  0008
i2c_receive_data@data                              cstackCOMRAM  0007
i2c_receive_data@reg                               cstackCOMRAM  0004
i2c_send_data@address                              cstackCOMRAM  0004
i2c_send_data@data                                 cstackCOMRAM  0003
i2c_send_data@reg                                  cstackCOMRAM  0002
i2c_send_request@address                           cstackCOMRAM  0003
i2c_send_request@reg                               cstackCOMRAM  0002
intlevel0                                          text          0000
intlevel1                                          text          0000
intlevel2                                          text          0000
intlevel3                                          text          0000
lcd_write_command@data                             cstackCOMRAM  0006
lcd_write_data@data                                cstackCOMRAM  0006
set_draw_window@x1                                 cstackCOMRAM  000A
set_draw_window@x2                                 cstackCOMRAM  0008
set_draw_window@y1                                 cstackCOMRAM  0007
set_draw_window@y2                                 cstackCOMRAM  0009
spi_write@data                                     cstackCOMRAM  0003
spi_write@i                                        cstackCOMRAM  0004
stackhi                                            (abs)         0EBF
stacklo                                            (abs)         0300
start                                              init          0000
start_initialization                               cinit         2148


FUNCTION INFORMATION:

 *************** function _main *****************
 Defined at:
		line 369 in file "main.c"
 Parameters:    Size  Location     Type
		None
 Auto vars:     Size  Location     Type
		None
 Return value:  Size  Location     Type
                  1    wreg      void 
 Registers used:
		wreg, fsr2l, fsr2h, status,2, status,0, tblptrl, tblptrh, tblptru, prodl, prodh, cstack
 Tracked objects:
		On entry : 
		On exit  : 
		Unchanged: 
 Data sizes:     COMRAM   BANK0   BANK1   BANK2   BANK3   BANK4   BANK5   BANK6   BANK7   BANK8   BANK9  BANK10  BANK11  BANK12  BANK13  BANK14
      Params:         0       0       0       0       0       0       0       0       0       0       0       0       0       0       0       0
      Locals:         0       0       0       0       0       0       0       0       0       0       0       0       0       0       0       0
      Temps:          0       0       0       0       0       0       0       0       0       0       0       0       0       0       0       0
      Totals:         0       0       0       0       0       0       0       0       0       0       0       0       0       0       0       0
Total ram usage:        0 bytes
 Hardware stack levels required when called:    8
 This function calls:
		_AMGInit
		_calculateInterpolatedPixels
		_delay_ms
		_drawBuffersToDisplay
		_fill_rectangle
		_getIRData
		_initADC
		_initI2C
		_initSPI
		_lcd_init
 This function is called by:
		Startup code after reset
 This function uses a non-reentrant model


 *************** function _lcd_init *****************
 Defined at:
		line 112 in file "ST7735.c"
 Parameters:    Size  Location     Type
		None
 Auto vars:     Size  Location     Type
		None
 Return value:  Size  Location     Type
                  1    wreg      void 
 Registers used:
		wreg, status,2, status,0, cstack
 Tracked objects:
		On entry : 
		On exit  : 
		Unchanged: 
 Data sizes:     COMRAM   BANK0   BANK1   BANK2   BANK3   BANK4   BANK5   BANK6   BANK7   BANK8   BANK9  BANK10  BANK11  BANK12  BANK13  BANK14
      Params:         0       0       0       0       0       0       0       0       0       0       0       0       0       0       0       0
      Locals:         0       0       0       0       0       0       0       0       0       0       0       0       0       0       0       0
      Temps:          0       0       0       0       0       0       0       0       0       0       0       0       0       0       0       0
      Totals:         0       0       0       0       0       0       0       0       0       0       0       0       0       0       0       0
Total ram usage:        0 bytes
 Hardware stack levels used:    1
 Hardware stack levels required when called:    3
 This function calls:
		_delay_ms
		_lcd_init_command_list
 This function is called by:
		_main
 This function uses a non-reentrant model


 *************** function _lcd_init_command_list *****************
 Defined at:
		line 133 in file "ST7735.c"
 Parameters:    Size  Location     Type
		None
 Auto vars:     Size  Location     Type
		None
 Return value:  Size  Location     Type
                  1    wreg      void 
 Registers used:
		wreg, status,2, status,0, cstack
 Tracked objects:
		On entry : 
		On exit  : 
		Unchanged: 
 Data sizes:     COMRAM   BANK0   BANK1   BANK2   BANK3   BANK4   BANK5   BANK6   BANK7   BANK8   BANK9  BANK10  BANK11  BANK12  BANK13  BANK14
      Params:         0       0       0       0       0       0       0       0       0       0       0       0       0       0       0       0
      Locals:         0       0       0       0       0       0       0       0       0       0       0       0       0       0       0       0
      Temps:          0       0       0       0       0       0       0       0       0       0       0       0       0       0       0       0
      Totals:         0       0       0       0       0       0       0       0       0       0       0       0       0       0       0       0
Total ram usage:        0 bytes
 Hardware stack levels used:    1
 Hardware stack levels required when called:    2
 This function calls:
		_delay_ms
		_lcd_write_command
		_lcd_write_data
 This function is called by:
		_lcd_init
 This function uses a non-reentrant model


 *************** function _delay_ms *****************
 Defined at:
		line 93 in file "ST7735.c"
 Parameters:    Size  Location     Type
  millis          4   12[COMRAM] long 
 Auto vars:     Size  Location     Type
  cycles          4   16[COMRAM] unsigned long 
 Return value:  Size  Location     Type
                  1    wreg      void 
 Registers used:
		wreg, status,2, status,0, cstack
 Tracked objects:
		On entry : 
		On exit  : 
		Unchanged: 
 Data sizes:     COMRAM   BANK0   BANK1   BANK2   BANK3   BANK4   BANK5   BANK6   BANK7   BANK8   BANK9  BANK10  BANK11  BANK12  BANK13  BANK14
      Params:         4       0       0       0       0       0       0       0       0       0       0       0       0       0       0       0
      Locals:         4       0       0       0       0       0       0       0       0       0       0       0       0       0       0       0
      Temps:          0       0       0       0       0       0       0       0       0       0       0       0       0       0       0       0
      Totals:         8       0       0       0       0       0       0       0       0       0       0       0       0       0       0       0
Total ram usage:        8 bytes
 Hardware stack levels used:    1
 Hardware stack levels required when called:    1
 This function calls:
		___lmul
 This function is called by:
		_main
		_lcd_init
		_lcd_init_command_list
 This function uses a non-reentrant model


 *************** function ___lmul *****************
 Defined at:
		line 15 in file "C:\Program Files (x86)\Microchip\xc8\v2.00\pic\sources\c90\common\Umul32.c"
 Parameters:    Size  Location     Type
  multiplier      4    0[COMRAM] unsigned long 
  multiplicand    4    4[COMRAM] unsigned long 
 Auto vars:     Size  Location     Type
  product         4    8[COMRAM] unsigned long 
 Return value:  Size  Location     Type
                  4    0[COMRAM] unsigned long 
 Registers used:
		wreg, status,2, status,0
 Tracked objects:
		On entry : 
		On exit  : 
		Unchanged: 
 Data sizes:     COMRAM   BANK0   BANK1   BANK2   BANK3   BANK4   BANK5   BANK6   BANK7   BANK8   BANK9  BANK10  BANK11  BANK12  BANK13  BANK14
      Params:         8       0       0       0       0       0       0       0       0       0       0       0       0       0       0       0
      Locals:         4       0       0       0       0       0       0       0       0       0       0       0       0       0       0       0
      Temps:          0       0       0       0       0       0       0       0       0       0       0       0       0       0       0       0
      Totals:        12       0       0       0       0       0       0       0       0       0       0       0       0       0       0       0
Total ram usage:       12 bytes
 Hardware stack levels used:    1
 This function calls:
		Nothing
 This function is called by:
		_delay_ms
 This function uses a non-reentrant model


 *************** function _initSPI *****************
 Defined at:
		line 72 in file "main.c"
 Parameters:    Size  Location     Type
		None
 Auto vars:     Size  Location     Type
		None
 Return value:  Size  Location     Type
                  1    wreg      void 
 Registers used:
		wreg, status,2
 Tracked objects:
		On entry : 
		On exit  : 
		Unchanged: 
 Data sizes:     COMRAM   BANK0   BANK1   BANK2   BANK3   BANK4   BANK5   BANK6   BANK7   BANK8   BANK9  BANK10  BANK11  BANK12  BANK13  BANK14
      Params:         0       0       0       0       0       0       0       0       0       0       0       0       0       0       0       0
      Locals:         0       0       0       0       0       0       0       0       0       0       0       0       0       0       0       0
      Temps:          0       0       0       0       0       0       0       0       0       0       0       0       0       0       0       0
      Totals:         0       0       0       0       0       0       0       0       0       0       0       0       0       0       0       0
Total ram usage:        0 bytes
 Hardware stack levels used:    1
 This function calls:
		Nothing
 This function is called by:
		_main
 This function uses a non-reentrant model


 *************** function _initI2C *****************
 Defined at:
		line 100 in file "main.c"
 Parameters:    Size  Location     Type
		None
 Auto vars:     Size  Location     Type
		None
 Return value:  Size  Location     Type
                  1    wreg      void 
 Registers used:
		wreg, status,2
 Tracked objects:
		On entry : 
		On exit  : 
		Unchanged: 
 Data sizes:     COMRAM   BANK0   BANK1   BANK2   BANK3   BANK4   BANK5   BANK6   BANK7   BANK8   BANK9  BANK10  BANK11  BANK12  BANK13  BANK14
      Params:         0       0       0       0       0       0       0       0       0       0       0       0       0       0       0       0
      Locals:         0       0       0       0       0       0       0       0       0       0       0       0       0       0       0       0
      Temps:          0       0       0       0       0       0       0       0       0       0       0       0       0       0       0       0
      Totals:         0       0       0       0       0       0       0       0       0       0       0       0       0       0       0       0
Total ram usage:        0 bytes
 Hardware stack levels used:    1
 This function calls:
		Nothing
 This function is called by:
		_main
 This function uses a non-reentrant model


 *************** function _initADC *****************
 Defined at:
		line 118 in file "main.c"
 Parameters:    Size  Location     Type
		None
 Auto vars:     Size  Location     Type
		None
 Return value:  Size  Location     Type
                  1    wreg      void 
 Registers used:
		wreg, status,2, status,0
 Tracked objects:
		On entry : 
		On exit  : 
		Unchanged: 
 Data sizes:     COMRAM   BANK0   BANK1   BANK2   BANK3   BANK4   BANK5   BANK6   BANK7   BANK8   BANK9  BANK10  BANK11  BANK12  BANK13  BANK14
      Params:         0       0       0       0       0       0       0       0       0       0       0       0       0       0       0       0
      Locals:         0       0       0       0       0       0       0       0       0       0       0       0       0       0       0       0
      Temps:          0       0       0       0       0       0       0       0       0       0       0       0       0       0       0       0
      Totals:         0       0       0       0       0       0       0       0       0       0       0       0       0       0       0       0
Total ram usage:        0 bytes
 Hardware stack levels used:    1
 This function calls:
		Nothing
 This function is called by:
		_main
 This function uses a non-reentrant model


 *************** function _getIRData *****************
 Defined at:
		line 270 in file "main.c"
 Parameters:    Size  Location     Type
  buffer          2    8[COMRAM] PTR int 
		 -> ir_buffer(128), 
 Auto vars:     Size  Location     Type
  this_pixel      2   18[COMRAM] unsigned int 
  y               2   22[COMRAM] int 
  x               2   20[COMRAM] int 
  data            2   14[COMRAM] int 
  dataH           1   17[COMRAM] unsigned char 
  dataL           1   16[COMRAM] unsigned char 
 Return value:  Size  Location     Type
                  1    wreg      void 
 Registers used:
		wreg, fsr2l, fsr2h, status,2, status,0, tblptrl, tblptrh, tblptru, cstack
 Tracked objects:
		On entry : 
		On exit  : 
		Unchanged: 
 Data sizes:     COMRAM   BANK0   BANK1   BANK2   BANK3   BANK4   BANK5   BANK6   BANK7   BANK8   BANK9  BANK10  BANK11  BANK12  BANK13  BANK14
      Params:         2       0       0       0       0       0       0       0       0       0       0       0       0       0       0       0
      Locals:        10       0       0       0       0       0       0       0       0       0       0       0       0       0       0       0
      Temps:          4       0       0       0       0       0       0       0       0       0       0       0       0       0       0       0
      Totals:        16       0       0       0       0       0       0       0       0       0       0       0       0       0       0       0
Total ram usage:       16 bytes
 Hardware stack levels used:    1
 Hardware stack levels required when called:    3
 This function calls:
		_i2c_receive_data
 This function is called by:
		_main
 This function uses a non-reentrant model


 *************** function _i2c_receive_data *****************
 Defined at:
		line 49 in file "AMG88xx.c"
 Parameters:    Size  Location     Type
  address         1    wreg     unsigned char 
  reg             1    3[COMRAM] unsigned char 
 Auto vars:     Size  Location     Type
  address         1    7[COMRAM] unsigned char 
  data            1    6[COMRAM] unsigned char 
 Return value:  Size  Location     Type
                  1    wreg      unsigned char 
 Registers used:
		wreg, status,2, status,0, cstack
 Tracked objects:
		On entry : 
		On exit  : 
		Unchanged: 
 Data sizes:     COMRAM   BANK0   BANK1   BANK2   BANK3   BANK4   BANK5   BANK6   BANK7   BANK8   BANK9  BANK10  BANK11  BANK12  BANK13  BANK14
      Params:         1       0       0       0       0       0       0       0       0       0       0       0       0       0       0       0
      Locals:         2       0       0       0       0       0       0       0       0       0       0       0       0       0       0       0
      Temps:          2       0       0       0       0       0       0       0       0       0       0       0       0       0       0       0
      Totals:         5       0       0       0       0       0       0       0       0       0       0       0       0       0       0       0
Total ram usage:        5 bytes
 Hardware stack levels used:    1
 Hardware stack levels required when called:    2
 This function calls:
		_i2c_master_wait
		_i2c_send_request
 This function is called by:
		_getIRData
 This function uses a non-reentrant model


 *************** function _i2c_send_request *****************
 Defined at:
		line 37 in file "AMG88xx.c"
 Parameters:    Size  Location     Type
  address         1    wreg     unsigned char 
  reg             1    1[COMRAM] unsigned char 
 Auto vars:     Size  Location     Type
  address         1    2[COMRAM] unsigned char 
 Return value:  Size  Location     Type
                  1    wreg      void 
 Registers used:
		wreg, status,2, status,0, cstack
 Tracked objects:
		On entry : 
		On exit  : 
		Unchanged: 
 Data sizes:     COMRAM   BANK0   BANK1   BANK2   BANK3   BANK4   BANK5   BANK6   BANK7   BANK8   BANK9  BANK10  BANK11  BANK12  BANK13  BANK14
      Params:         1       0       0       0       0       0       0       0       0       0       0       0       0       0       0       0
      Locals:         1       0       0       0       0       0       0       0       0       0       0       0       0       0       0       0
      Temps:          0       0       0       0       0       0       0       0       0       0       0       0       0       0       0       0
      Totals:         2       0       0       0       0       0       0       0       0       0       0       0       0       0       0       0
Total ram usage:        2 bytes
 Hardware stack levels used:    1
 Hardware stack levels required when called:    1
 This function calls:
		_i2c_master_wait
 This function is called by:
		_i2c_receive_data
 This function uses a non-reentrant model


 *************** function _drawBuffersToDisplay *****************
 Defined at:
		line 306 in file "main.c"
 Parameters:    Size  Location     Type
  main_buffer     2    0[BANK0 ] PTR int 
		 -> ir_buffer(128), 
  horizontal_b    2    2[BANK0 ] PTR int 
		 -> y_interpolated_pixels(128), 
  vertical_buf    2    4[BANK0 ] PTR int 
		 -> x_interpolated_pixels(128), 
  diagonal_buf    2    6[BANK0 ] PTR int 
		 -> xy_interpolated_pixels(128), 
 Auto vars:     Size  Location     Type
  v               2   20[BANK0 ] int 
  h               2   18[BANK0 ] int 
  data            2   16[BANK0 ] int 
  d_pixel         2   12[BANK0 ] int 
  v_pixel         2   10[BANK0 ] int 
  h_pixel         2    8[BANK0 ] int 
  y               2   24[BANK0 ] int 
  x               2   22[BANK0 ] int 
  temperature_    2   14[BANK0 ] int 
 Return value:  Size  Location     Type
                  1    wreg      void 
 Registers used:
		wreg, fsr2l, fsr2h, status,2, status,0, tblptrl, tblptrh, tblptru, prodl, prodh, cstack
 Tracked objects:
		On entry : 
		On exit  : 
		Unchanged: 
 Data sizes:     COMRAM   BANK0   BANK1   BANK2   BANK3   BANK4   BANK5   BANK6   BANK7   BANK8   BANK9  BANK10  BANK11  BANK12  BANK13  BANK14
      Params:         0       8       0       0       0       0       0       0       0       0       0       0       0       0       0       0
      Locals:         0      18       0       0       0       0       0       0       0       0       0       0       0       0       0       0
      Temps:          4       0       0       0       0       0       0       0       0       0       0       0       0       0       0       0
      Totals:         4      26       0       0       0       0       0       0       0       0       0       0       0       0       0       0
Total ram usage:       30 bytes
 Hardware stack levels used:    1
 Hardware stack levels required when called:    7
 This function calls:
		___wmul
		_dataToColour
		_drawOverlay
		_fill_rectangle
 This function is called by:
		_main
 This function uses a non-reentrant model


 *************** function _drawOverlay *****************
 Defined at:
		line 203 in file "main.c"
 Parameters:    Size  Location     Type
  x               2   66[COMRAM] int 
  y               2   68[COMRAM] int 
  data            2   70[COMRAM] int 
 Auto vars:     Size  Location     Type
  temperature_    6   78[COMRAM] unsigned char [6]
  batt_voltage    3   75[COMRAM] float 
  v_pos           2   88[COMRAM] int 
  h_pos           2   86[COMRAM] int 
  ADC_reading     2   84[COMRAM] unsigned int 
 Return value:  Size  Location     Type
                  1    wreg      void 
 Registers used:
		wreg, fsr2l, fsr2h, status,2, status,0, tblptrl, tblptrh, tblptru, prodl, prodh, cstack
 Tracked objects:
		On entry : 
		On exit  : 
		Unchanged: 
 Data sizes:     COMRAM   BANK0   BANK1   BANK2   BANK3   BANK4   BANK5   BANK6   BANK7   BANK8   BANK9  BANK10  BANK11  BANK12  BANK13  BANK14
      Params:         6       0       0       0       0       0       0       0       0       0       0       0       0       0       0       0
      Locals:        15       0       0       0       0       0       0       0       0       0       0       0       0       0       0       0
      Temps:          3       0       0       0       0       0       0       0       0       0       0       0       0       0       0       0
      Totals:        24       0       0       0       0       0       0       0       0       0       0       0       0       0       0       0
Total ram usage:       24 bytes
 Hardware stack levels used:    1
 Hardware stack levels required when called:    6
 This function calls:
		___awdiv
		___ftdiv
		___lwtoft
		___wmul
		_convertDataToString
		_draw_h_line
		_draw_string
		_draw_v_line
 This function is called by:
		_drawBuffersToDisplay
 This function uses a non-reentrant model


 *************** function _draw_v_line *****************
 Defined at:
		line 183 in file "ST7735.c"
 Parameters:    Size  Location     Type
  x1              1    wreg     unsigned char 
  y1              1   14[COMRAM] unsigned char 
  x2              1   15[COMRAM] unsigned char 
  y2              1   16[COMRAM] unsigned char 
  colour          2   17[COMRAM] unsigned int 
 Auto vars:     Size  Location     Type
  x1              1   22[COMRAM] unsigned char 
  y               2   23[COMRAM] int 
 Return value:  Size  Location     Type
                  1    wreg      void 
 Registers used:
		wreg, status,2, status,0, cstack
 Tracked objects:
		On entry : 
		On exit  : 
		Unchanged: 
 Data sizes:     COMRAM   BANK0   BANK1   BANK2   BANK3   BANK4   BANK5   BANK6   BANK7   BANK8   BANK9  BANK10  BANK11  BANK12  BANK13  BANK14
      Params:         5       0       0       0       0       0       0       0       0       0       0       0       0       0       0       0
      Locals:         3       0       0       0       0       0       0       0       0       0       0       0       0       0       0       0
      Temps:          3       0       0       0       0       0       0       0       0       0       0       0       0       0       0       0
      Totals:        11       0       0       0       0       0       0       0       0       0       0       0       0       0       0       0
Total ram usage:       11 bytes
 Hardware stack levels used:    1
 Hardware stack levels required when called:    4
 This function calls:
		_draw_pixel
 This function is called by:
		_drawOverlay
 This function uses a non-reentrant model


 *************** function _draw_string *****************
 Defined at:
		line 274 in file "ST7735.c"
 Parameters:    Size  Location     Type
  x               1    wreg     unsigned char 
  y               1   53[COMRAM] unsigned char 
  colour          2   54[COMRAM] unsigned int 
  size            1   56[COMRAM] unsigned char 
  str             2   57[COMRAM] PTR unsigned char 
		 -> drawOverlay@temperature_buffer(6), 
 Auto vars:     Size  Location     Type
  x               1   63[COMRAM] unsigned char 
  char_pos        2   61[COMRAM] int 
  counter         2   64[COMRAM] int 
  char_width      2   59[COMRAM] int 
 Return value:  Size  Location     Type
                  1    wreg      void 
 Registers used:
		wreg, fsr2l, fsr2h, status,2, status,0, tblptrl, tblptrh, tblptru, prodl, prodh, cstack
 Tracked objects:
		On entry : 
		On exit  : 
		Unchanged: 
 Data sizes:     COMRAM   BANK0   BANK1   BANK2   BANK3   BANK4   BANK5   BANK6   BANK7   BANK8   BANK9  BANK10  BANK11  BANK12  BANK13  BANK14
      Params:         6       0       0       0       0       0       0       0       0       0       0       0       0       0       0       0
      Locals:         7       0       0       0       0       0       0       0       0       0       0       0       0       0       0       0
      Temps:          0       0       0       0       0       0       0       0       0       0       0       0       0       0       0       0
      Totals:        13       0       0       0       0       0       0       0       0       0       0       0       0       0       0       0
Total ram usage:       13 bytes
 Hardware stack levels used:    1
 Hardware stack levels required when called:    5
 This function calls:
		___wmul
		_draw_char
 This function is called by:
		_drawOverlay
 This function uses a non-reentrant model


 *************** function _draw_char *****************
 Defined at:
		line 245 in file "ST7735.c"
 Parameters:    Size  Location     Type
  x               1    wreg     unsigned char 
  y               1   40[COMRAM] unsigned char 
  c               1   41[COMRAM] unsigned char 
  colour          2   42[COMRAM] unsigned int 
[...]
  data            2   10[COMRAM] int 
 Auto vars:     Size  Location     Type
  tens            2   16[COMRAM] int 
  units           2   14[COMRAM] int 
 Return value:  Size  Location     Type
                  1    wreg      void 
 Registers used:
		wreg, fsr2l, fsr2h, status,2, status,0, cstack
 Tracked objects:
		On entry : 
		On exit  : 
		Unchanged: 
 Data sizes:     COMRAM   BANK0   BANK1   BANK2   BANK3   BANK4   BANK5   BANK6   BANK7   BANK8   BANK9  BANK10  BANK11  BANK12  BANK13  BANK14
      Params:         4       0       0       0       0       0       0       0       0       0       0       0       0       0       0       0
      Locals:         4       0       0       0       0       0       0       0       0       0       0       0       0       0       0       0
      Temps:          2       0       0       0       0       0       0       0       0       0       0       0       0       0       0       0
      Totals:        10       0       0       0       0       0       0       0       0       0       0       0       0       0       0       0
Total ram usage:       10 bytes
 Hardware stack levels used:    1
 Hardware stack levels required when called:    1
 This function calls:
		___awdiv
 This function is called by:
		_drawOverlay
 This function uses a non-reentrant model


 *************** function ___lwtoft *****************
 Defined at:
		line 28 in file "C:\Program Files (x86)\Microchip\xc8\v2.00\pic\sources\c90\common\lwtoft.c"
 Parameters:    Size  Location     Type
  c               2    8[COMRAM] unsigned int 
 Auto vars:     Size  Location     Type
		None
 Return value:  Size  Location     Type
                  3    8[COMRAM] float 
 Registers used:
		wreg, status,2, status,0, cstack
 Tracked objects:
		On entry : 
		On exit  : 
		Unchanged: 
 Data sizes:     COMRAM   BANK0   BANK1   BANK2   BANK3   BANK4   BANK5   BANK6   BANK7   BANK8   BANK9  BANK10  BANK11  BANK12  BANK13  BANK14
      Params:         3       0       0       0       0       0       0       0       0       0       0       0       0       0       0       0
      Locals:         0       0       0       0       0       0       0       0       0       0       0       0       0       0       0       0
      Temps:          0       0       0       0       0       0       0       0       0       0       0       0       0       0       0       0
      Totals:         3       0       0       0       0       0       0       0       0       0       0       0       0       0       0       0
Total ram usage:        3 bytes
 Hardware stack levels used:    1
 Hardware stack levels required when called:    1
 This function calls:
		___ftpack
 This function is called by:
		_drawOverlay
 This function uses a non-reentrant model


 *************** function ___ftdiv *****************
 Defined at:
		line 54 in file "C:\Program Files (x86)\Microchip\xc8\v2.00\pic\sources\c90\common\ftdiv.c"
 Parameters:    Size  Location     Type
  f1              3   11[COMRAM] float 
  f2              3   14[COMRAM] float 
 Auto vars:     Size  Location     Type
  f3              3   21[COMRAM] float 
  sign            1   25[COMRAM] unsigned char 
  exp             1   24[COMRAM] unsigned char 
  cntr            1   20[COMRAM] unsigned char 
 Return value:  Size  Location     Type
                  3   11[COMRAM] float 
 Registers used:
		wreg, status,2, status,0, cstack
 Tracked objects:
		On entry : 
		On exit  : 
		Unchanged: 
 Data sizes:     COMRAM   BANK0   BANK1   BANK2   BANK3   BANK4   BANK5   BANK6   BANK7   BANK8   BANK9  BANK10  BANK11  BANK12  BANK13  BANK14
      Params:         6       0       0       0       0       0       0       0       0       0       0       0       0       0       0       0
      Locals:         6       0       0       0       0       0       0       0       0       0       0       0       0       0       0       0
      Temps:          3       0       0       0       0       0       0       0       0       0       0       0       0       0       0       0
      Totals:        15       0       0       0       0       0       0       0       0       0       0       0       0       0       0       0
Total ram usage:       15 bytes
 Hardware stack levels used:    1
 Hardware stack levels required when called:    1
 This function calls:
		___ftpack
 This function is called by:
		_drawOverlay
 This function uses a non-reentrant model


 *************** function ___ftpack *****************
 Defined at:
		line 62 in file "C:\Program Files (x86)\Microchip\xc8\v2.00\pic\sources\c90\common\float.c"
 Parameters:    Size  Location     Type
  arg             3    0[COMRAM] unsigned um
  exp             1    3[COMRAM] unsigned char 
  sign            1    4[COMRAM] unsigned char 
 Auto vars:     Size  Location     Type
		None
 Return value:  Size  Location     Type
                  3    0[COMRAM] float 
 Registers used:
		wreg, status,2, status,0
 Tracked objects:
		On entry : 
		On exit  : 
		Unchanged: 
 Data sizes:     COMRAM   BANK0   BANK1   BANK2   BANK3   BANK4   BANK5   BANK6   BANK7   BANK8   BANK9  BANK10  BANK11  BANK12  BANK13  BANK14
      Params:         5       0       0       0       0       0       0       0       0       0       0       0       0       0       0       0
      Locals:         0       0       0       0       0       0       0       0       0       0       0       0       0       0       0       0
      Temps:          3       0       0       0       0       0       0       0       0       0       0       0       0       0       0       0
      Totals:         8       0       0       0       0       0       0       0       0       0       0       0       0       0       0       0
Total ram usage:        8 bytes
 Hardware stack levels used:    1
 This function calls:
		Nothing
 This function is called by:
		___ftdiv
		___lwtoft
 This function uses a non-reentrant model


 *************** function _dataToColour *****************
 Defined at:
		line 241 in file "main.c"
 Parameters:    Size  Location     Type
  data            2   11[COMRAM] int 
  temperature_    2   13[COMRAM] int 
 Auto vars:     Size  Location     Type
  colour_temp     2   20[COMRAM] unsigned int 
  green           1   19[COMRAM] unsigned char 
  red             1   18[COMRAM] unsigned char 
  blue            1   17[COMRAM] unsigned char 
 Return value:  Size  Location     Type
                  2   11[COMRAM] unsigned int 
 Registers used:
		wreg, status,2, status,0, cstack
 Tracked objects:
		On entry : 
		On exit  : 
		Unchanged: 
 Data sizes:     COMRAM   BANK0   BANK1   BANK2   BANK3   BANK4   BANK5   BANK6   BANK7   BANK8   BANK9  BANK10  BANK11  BANK12  BANK13  BANK14
      Params:         4       0       0       0       0       0       0       0       0       0       0       0       0       0       0       0
      Locals:         5       0       0       0       0       0       0       0       0       0       0       0       0       0       0       0
      Temps:          2       0       0       0       0       0       0       0       0       0       0       0       0       0       0       0
      Totals:        11       0       0       0       0       0       0       0       0       0       0       0       0       0       0       0
Total ram usage:       11 bytes
 Hardware stack levels used:    1
 Hardware stack levels required when called:    1
 This function calls:
		_get_colour
 This function is called by:
		_drawBuffersToDisplay
 This function uses a non-reentrant model


 *************** function _get_colour *****************
 Defined at:
		line 294 in file "ST7735.c"
 Parameters:    Size  Location     Type
  red             1    wreg     unsigned char 
  green           1    0[COMRAM] unsigned char 
  blue            1    1[COMRAM] unsigned char 
 Auto vars:     Size  Location     Type
  red             1   10[COMRAM] unsigned char 
  colour          2    8[COMRAM] unsigned int 
 Return value:  Size  Location     Type
                  2    0[COMRAM] unsigned int 
 Registers used:
		wreg, status,2, status,0
 Tracked objects:
		On entry : 
		On exit  : 
		Unchanged: 
 Data sizes:     COMRAM   BANK0   BANK1   BANK2   BANK3   BANK4   BANK5   BANK6   BANK7   BANK8   BANK9  BANK10  BANK11  BANK12  BANK13  BANK14
      Params:         2       0       0       0       0       0       0       0       0       0       0       0       0       0       0       0
      Locals:         3       0       0       0       0       0       0       0       0       0       0       0       0       0       0       0
      Temps:          6       0       0       0       0       0       0       0       0       0       0       0       0       0       0       0
      Totals:        11       0       0       0       0       0       0       0       0       0       0       0       0       0       0       0
Total ram usage:       11 bytes
 Hardware stack levels used:    1
 This function calls:
		Nothing
 This function is called by:
		_dataToColour
 This function uses a non-reentrant model


 *************** function _calculateInterpolatedPixels *****************
 Defined at:
		line 351 in file "main.c"
 Parameters:    Size  Location     Type
  main_buffer     2    8[COMRAM] PTR int 
		 -> ir_buffer(128), 
  y_interpolat    2   10[COMRAM] PTR int 
		 -> y_interpolated_pixels(128), 
  x_interpolat    2   12[COMRAM] PTR int 
		 -> x_interpolated_pixels(128), 
  xy_interpola    2   14[COMRAM] PTR int 
		 -> xy_interpolated_pixels(128), 
 Auto vars:     Size  Location     Type
  y               2   30[COMRAM] int 
  x               2   28[COMRAM] int 
 Return value:  Size  Location     Type
                  1    wreg      void 
 Registers used:
		wreg, fsr2l, fsr2h, status,2, status,0, cstack
 Tracked objects:
		On entry : 
		On exit  : 
		Unchanged: 
 Data sizes:     COMRAM   BANK0   BANK1   BANK2   BANK3   BANK4   BANK5   BANK6   BANK7   BANK8   BANK9  BANK10  BANK11  BANK12  BANK13  BANK14
      Params:         8       0       0       0       0       0       0       0       0       0       0       0       0       0       0       0
      Locals:         4       0       0       0       0       0       0       0       0       0       0       0       0       0       0       0
      Temps:         12       0       0       0       0       0       0       0       0       0       0       0       0       0       0       0
      Totals:        24       0       0       0       0       0       0       0       0       0       0       0       0       0       0       0
Total ram usage:       24 bytes
 Hardware stack levels used:    1
 Hardware stack levels required when called:    1
 This function calls:
		___awdiv
 This function is called by:
		_main
 This function uses a non-reentrant model


 *************** function ___awdiv *****************
 Defined at:
		line 7 in file "C:\Program Files (x86)\Microchip\xc8\v2.00\pic\sources\c90\common\awdiv.c"
 Parameters:    Size  Location     Type
  dividend        2    0[COMRAM] int 
  divisor         2    2[COMRAM] int 
 Auto vars:     Size  Location     Type
  quotient        2    6[COMRAM] int 
  sign            1    5[COMRAM] unsigned char 
  counter         1    4[COMRAM] unsigned char 
 Return value:  Size  Location     Type
                  2    0[COMRAM] int 
 Registers used:
		wreg, status,2, status,0
 Tracked objects:
		On entry : 
		On exit  : 
		Unchanged: 
 Data sizes:     COMRAM   BANK0   BANK1   BANK2   BANK3   BANK4   BANK5   BANK6   BANK7   BANK8   BANK9  BANK10  BANK11  BANK12  BANK13  BANK14
      Params:         4       0       0       0       0       0       0       0       0       0       0       0       0       0       0       0
      Locals:         4       0       0       0       0       0       0       0       0       0       0       0       0       0       0       0
      Temps:          0       0       0       0       0       0       0       0       0       0       0       0       0       0       0       0
      Totals:         8       0       0       0       0       0       0       0       0       0       0       0       0       0       0       0
Total ram usage:        8 bytes
 Hardware stack levels used:    1
 This function calls:
		Nothing
 This function is called by:
		_convertDataToString
		_drawOverlay
		_calculateInterpolatedPixels
 This function uses a non-reentrant model


 *************** function _AMGInit *****************
 Defined at:
		line 85 in file "AMG88xx.c"
 Parameters:    Size  Location     Type
		None
 Auto vars:     Size  Location     Type
		None
 Return value:  Size  Location     Type
                  1    wreg      void 
 Registers used:
		wreg, status,2, status,0, cstack
 Tracked objects:
		On entry : 
		On exit  : 
		Unchanged: 
 Data sizes:     COMRAM   BANK0   BANK1   BANK2   BANK3   BANK4   BANK5   BANK6   BANK7   BANK8   BANK9  BANK10  BANK11  BANK12  BANK13  BANK14
      Params:         0       0       0       0       0       0       0       0       0       0       0       0       0       0       0       0
      Locals:         0       0       0       0       0       0       0       0       0       0       0       0       0       0       0       0
      Temps:          0       0       0       0       0       0       0       0       0       0       0       0       0       0       0       0
      Totals:         0       0       0       0       0       0       0       0       0       0       0       0       0       0       0       0
Total ram usage:        0 bytes
 Hardware stack levels used:    1
 Hardware stack levels required when called:    2
 This function calls:
		_i2c_send_data
 This function is called by:
		_main
 This function uses a non-reentrant model


 *************** function _i2c_send_data *****************
 Defined at:
		line 22 in file "AMG88xx.c"
 Parameters:    Size  Location     Type
  address         1    wreg     unsigned char 
  reg             1    1[COMRAM] unsigned char 
  data            1    2[COMRAM] unsigned char 
 Auto vars:     Size  Location     Type
  address         1    3[COMRAM] unsigned char 
 Return value:  Size  Location     Type
                  1    wreg      void 
 Registers used:
		wreg, status,2, status,0, cstack
 Tracked objects:
		On entry : 
		On exit  : 
		Unchanged: 
 Data sizes:     COMRAM   BANK0   BANK1   BANK2   BANK3   BANK4   BANK5   BANK6   BANK7   BANK8   BANK9  BANK10  BANK11  BANK12  BANK13  BANK14
      Params:         2       0       0       0       0       0       0       0       0       0       0       0       0       0       0       0
      Locals:         1       0       0       0       0       0       0       0       0       0       0       0       0       0       0       0
      Temps:          0       0       0       0       0       0       0       0       0       0       0       0       0       0       0       0
      Totals:         3       0       0       0       0       0       0       0       0       0       0       0       0       0       0       0
Total ram usage:        3 bytes
 Hardware stack levels used:    1
 Hardware stack levels required when called:    1
 This function calls:
		_i2c_master_wait
 This function is called by:
		_AMGInit
 This function uses a non-reentrant model


 *************** function _i2c_master_wait *****************
 Defined at:
		line 78 in file "AMG88xx.c"
 Parameters:    Size  Location     Type
		None
 Auto vars:     Size  Location     Type
		None
 Return value:  Size  Location     Type
                  1    wreg      void 
 Registers used:
		wreg, status,2, status,0
 Tracked objects:
		On entry : 
		On exit  : 
		Unchanged: 
 Data sizes:     COMRAM   BANK0   BANK1   BANK2   BANK3   BANK4   BANK5   BANK6   BANK7   BANK8   BANK9  BANK10  BANK11  BANK12  BANK13  BANK14
      Params:         0       0       0       0       0       0       0       0       0       0       0       0       0       0       0       0
      Locals:         0       0       0       0       0       0       0       0       0       0       0       0       0       0       0       0
      Temps:          1       0       0       0       0       0       0       0       0       0       0       0       0       0       0       0
      Totals:         1       0       0       0       0       0       0       0       0       0       0       0       0       0       0       0
Total ram usage:        1 bytes
 Hardware stack levels used:    1
 This function calls:
		Nothing
 This function is called by:
		_i2c_send_data
		_i2c_send_request
		_i2c_receive_data
 This function uses a non-reentrant model



MODULE INFORMATION

Module		Function		Class		Link	Load	Size
C:\Program Files (x86)\Microchip\xc8\v2.00\pic\sources\c90\common\float.c
		___ftpack      		CODE           	2A6E	0000	313

C:\Program Files (x86)\Microchip\xc8\v2.00\pic\sources\c90\common\float.c estimated size: 313

AMG88xx.c
		_i2c_send_data 		CODE           	203C	0000	41
		_i2c_send_request		CODE           	1FD6	0000	31
		_i2c_receive_data		CODE           	23A6	0000	123
		_i2c_master_wait		CODE           	20E2	0000	47
		_AMGInit       		CODE           	20B6	0000	45

AMG88xx.c estimated size: 287

C:\Program Files (x86)\Microchip\xc8\v2.00\pic\sources\c90\common\Umul16.c
		___wmul        		CODE           	208C	0000	43

C:\Program Files (x86)\Microchip\xc8\v2.00\pic\sources\c90\common\Umul16.c estimated size: 43

C:\Program Files (x86)\Microchip\xc8\v2.00\pic\sources\c90\common\ftdiv.c
		___ftdiv       		CODE           	2950	0000	287

C:\Program Files (x86)\Microchip\xc8\v2.00\pic\sources\c90\common\ftdiv.c estimated size: 287

C:\Program Files (x86)\Microchip\xc8\v2.00\pic\sources\c90\common\awdiv.c
		___awdiv       		CODE           	268A	0000	237

C:\Program Files (x86)\Microchip\xc8\v2.00\pic\sources\c90\common\awdiv.c estimated size: 237

ST7735.c
		_lcd_write_data		CODE           	1F94	0000	15
		_get_colour    		CODE           	226C	0000	91
		_draw_pixel    		CODE           	1FF4	0000	35
		_draw_v_line   		CODE           	221C	0000	81
		_spi_write     		CODE           	2532	0000	169
		_set_draw_window		CODE           	2186	0000	71
		_draw_h_line   		CODE           	21CC	0000	81
		_fill_rectangle		CODE           	2776	0000	237
		_draw_string   		CODE           	24A8	0000	139
		_lcd_init_command_list		CODE           	2420	0000	137
		_delay_ms      		CODE           	22C6	0000	111
		_draw_char     		CODE           	2EDC	0000	457
		_lcd_write_command		CODE           	1FB2	0000	19
		_lcd_init      		CODE           	2110	0000	57

ST7735.c estimated size: 1700

C:\Program Files (x86)\Microchip\xc8\v2.00\pic\sources\c90\common\Umul32.c
		___lmul        		CODE           	2334	0000	115

C:\Program Files (x86)\Microchip\xc8\v2.00\pic\sources\c90\common\Umul32.c estimated size: 115

shared
		_start_pixel_reg		MEDIUMCONST    	3FF4	0000	2
		_num_colours   		MEDIUMCONST    	3FF0	0000	3
		_BG_COLOUR     		MEDIUMCONST    	3FF2	0000	3
		_cursor_colour 		MEDIUMCONST    	3FEC	0000	3
		_addr          		MEDIUMCONST    	3FF5	0000	2
		_colour_list   		MEDIUMCONST    	3FDE	0000	15
		__initialization		CODE           	2148	0000	53
		_Font2         		MEDIUMCONST    	3F02	0000	221
		_box_size      		MEDIUMCONST    	3FEE	0000	3
		_Font          		MEDIUMCONST    	3E03	0000	256

shared estimated size: 561

main.c
		_drawBuffersToDisplay		CODE           	37A2	0000	1633
		_initSPI       		CODE           	2016	0000	39
		_main          		CODE           	2862	0000	239
		_dataToColour  		CODE           	25DA	0000	177
		_calculateInterpolatedPixels		CODE           	33FC	0000	935
		_drawOverlay   		CODE           	30A4	0000	857
		_initADC       		CODE           	1FA2	0000	17
		_getIRData     		CODE           	2BA6	0000	385
		_convertDataToString		CODE           	2D26	0000	439
		_initI2C       		CODE           	1FC4	0000	19

main.c estimated size: 4740

C:\Program Files (x86)\Microchip\xc8\v2.00\pic\sources\c90\common\lwtoft.c
		___lwtoft      		CODE           	2064	0000	41

C:\Program Files (x86)\Microchip\xc8\v2.00\pic\sources\c90\common\lwtoft.c estimated size: 41

